     1                                  ;sub.asm
     2                                  
     3                                  extern  printf
     4                                  
     5                                  section .data
     6 00000000 0000000000005940        	num1    dq  100.0
     7 00000008 9A99999999395240        	num2    dq  72.9
     8 00000010 256C66202D20256C66-     	fmt     db  "%lf - %lf = %lf",10,0
     8 00000019 203D20256C660A00   
     9                                  
    10                                  
    11                                  section .bss
    12                                  section .text
    13                                  	global main
    14                                  main:
    15 00000000 55                      	push   rbp
    16 00000001 4889E5                  	mov    rbp,rsp
    17                                  
    18 00000004 F20F101425-             	movsd  xmm2,[num1]
    18 00000009 [00000000]         
    19 0000000D F20F5C1425-             	subsd  xmm2,[num2]
    19 00000012 [08000000]         
    20                                  
    21 00000016 48BF-                   	mov    rdi,fmt
    21 00000018 [1000000000000000] 
    22 00000020 F20F100425-             	movsd  xmm0,[num1]
    22 00000025 [00000000]         
    23 00000029 F20F100C25-             	movsd  xmm1,[num2]
    23 0000002E [08000000]         
    24 00000032 B803000000              	mov    rax,3
    25 00000037 E8(00000000)            	call   printf
    26                                  
    27 0000003C C9                      	leave
    28 0000003D C3                      	ret
